To honour the JVM settings for this build a single-use Daemon process will be forked. For more on this, please refer to https://docs.gradle.org/9.5.1/userguide/gradle_daemon.html#sec:disabling_the_daemon in the Gradle documentation.
Daemon will be stopped at the end of the build 

> Configure project :
Fabric Loom: 1.17.19

> Task :compileJava UP-TO-DATE
> Task :processResources UP-TO-DATE
> Task :classes UP-TO-DATE
> Task :compileClientJava UP-TO-DATE
> Task :processClientResources UP-TO-DATE
> Task :clientClasses UP-TO-DATE
> Task :generateLog4jConfig UP-TO-DATE
> Task :generateDLIConfig UP-TO-DATE
> Task :configureLaunch UP-TO-DATE
> Task :downloadAssets UP-TO-DATE
> Task :configureClientLaunch UP-TO-DATE

> Task :runClient
[14:36:00] [main/INFO] (FabricLoader/GameProvider) Loading Minecraft 26.3 with Fabric Loader 0.19.5
[14:36:00] [main/INFO] (FabricLoader/Mappings) Mappings not present!
[14:36:00] [main/INFO] (FabricLoader) Loading 52 mods:
	- fabric-api 0.160.5+26.3
	- fabric-api-base 2.0.6+fcdff87f02
	- fabric-api-lookup-api-v1 2.0.24+3434d6d902
	- fabric-biome-api-v1 20.0.9+74ed1ea502
	- fabric-block-api-v1 3.1.0+0ae6f91102
	- fabric-block-getter-api-v2 2.0.9+3434d6d902
	- fabric-client-gametest-api-v1 6.0.7+4be74c3f02
	- fabric-command-api-v2 3.1.2+fcdff87f02
	- fabric-content-registries-v0 15.0.3+74ed1ea502
	- fabric-convention-tags-v2 4.10.2+5a4e5fc602
	- fabric-crash-report-info-v1 1.0.7+fcdff87f02
	- fabric-creative-tab-api-v1 5.0.21+fcdff87f02
	- fabric-data-attachment-api-v1 2.2.30+3434d6d902
	- fabric-data-generation-api-v1 27.2.1+6317c5a702
	- fabric-debug-api-v1 1.0.4+3434d6d902
	- fabric-dimensions-v1 5.1.19+47f74c9802
	- fabric-entity-events-v1 6.0.4+3434d6d902
	- fabric-events-interaction-v0 5.3.6+3434d6d902
	- fabric-game-rule-api-v1 4.0.10+3434d6d902
	- fabric-gametest-api-v1 4.0.32+3434d6d902
	- fabric-item-api-v1 14.6.2+fcdff87f02
	- fabric-key-mapping-api-v1 2.0.8+3434d6d902
	- fabric-lifecycle-events-v1 4.1.9+ffef5f6702
	- fabric-loot-api-v3 4.0.7+b108b08b02
	- fabric-menu-api-v1 2.0.26+3434d6d902
	- fabric-message-api-v1 7.0.10+3434d6d902
	- fabric-model-loading-api-v1 8.0.34+fcdff87f02
	- fabric-networking-api-v1 6.3.8+fcdff87f02
	- fabric-object-builder-api-v1 24.1.9+3434d6d902
	- fabric-particles-v1 5.0.24+3434d6d902
	- fabric-permission-api-v1 1.0.8+fcdff87f02
	- fabric-recipe-api-v1 10.0.8+fcdff87f02
	- fabric-registry-sync-v0 8.0.1+fcdff87f02
	- fabric-renderer-api-v1 17.0.14+2ce735b802
	- fabric-renderer-indigo 9.1.22+b9d63e3302
	- fabric-rendering-fluids-v1 6.0.6+3434d6d902
	- fabric-rendering-v1 27.0.14+901a437c02
	- fabric-resource-conditions-api-v1 6.1.5+3434d6d902
	- fabric-resource-loader-v0 3.3.26+4fc5413f02
	- fabric-resource-loader-v1 3.0.4+fcdff87f02
	- fabric-screen-api-v1 5.2.3+1087e13e02
	- fabric-serialization-api-v1 2.0.7+74ed1ea502
	- fabric-sound-api-v1 2.0.7+3434d6d902
	- fabric-tag-api-v1 2.1.10+fcdff87f02
	- fabric-transfer-api-v1 8.0.25+fcdff87f02
	- fabric-transitive-access-wideners-v1 8.1.16+52268a0e02
	- fabricloader 0.19.5
	- java 25
	- minecraft 26.3
	- mixinextras 0.5.5
	- sodium 0.9.2-beta.1+mc26.3r1
	- vulkanperf 1.0.0+26.3
[14:36:01] [main/INFO] (FabricLoader/Mixin) SpongePowered MIXIN Subsystem Version=0.8.7 Source=file:/C:/Users/tqpet/AppData/Local/Temp/cursor-sandbox-cache/3acfa1a6fb2f9779b7c600f76286e954/gradle/caches/modules-2/files-2.1/net.fabricmc/sponge-mixin/0.17.4+mixin.0.8.7/5f66cc9f59b8efaa942155a3d5a30599bf6640dd/sponge-mixin-0.17.4+mixin.0.8.7.jar Service=Knot/Fabric Env=CLIENT
[14:36:01] [main/INFO] (Sodium) Loaded configuration file for Sodium: 37 options available, 0 override(s) found
[14:36:02] [main/INFO] (Sodium-GraphicsAdapterProbe) Searching for graphics cards...
[14:36:03] [main/INFO] (Sodium-GraphicsAdapterProbe) Found graphics adapter: AdapterInfo{vendor=UNKNOWN, description='Intel(R) Graphics', adapterType=0x0000232B, openglIcdFilePath='C:\windows\System32\DriverStore\FileRepository\iigd_dch.inf_amd64_2d8b0fcf1ccb300e\igxe3icd64.dll', openglIcdVersion=32.0.101.8356}
[14:36:04] [main/INFO] (FabricLoader/MixinExtras|Service) Initializing MixinExtras via com.llamalad7.mixinextras.service.MixinExtrasServiceImpl(version=0.5.5).
[14:36:05] [Datafixer Bootstrap #0/INFO] (Minecraft) 307 Datafixer optimizations took 512 milliseconds
[14:36:13] [Render thread/INFO] (Minecraft) Environment: Environment[discoveryUrl=https://discovery.minecraftservices.com/minecraft/client, name=PROD]
[14:36:13] [Render thread/INFO] (Minecraft) Setting user: Player688
[14:36:13] [Render thread/INFO] (vulkanperf) chunk workers: worldgen=15, serialize=2, io=2
[14:36:13] [Render thread/INFO] (vulkanperf) vulkan-perf initialized
[14:36:13] [Render thread/INFO] (Indigo) [Indigo] Different rendering plugin detected; not applying Indigo.
[14:36:13] [Render thread/INFO] (vulkanperf) vulkan-perf client ready
[14:36:14] [Render thread/INFO] (Minecraft) Backend library: LWJGL version 3.4.3-snapshot
[14:36:14] [Render thread/INFO] (Minecraft) SDL [SYSTEM]: App name: Minecraft
[14:36:14] [Render thread/INFO] (Minecraft) SDL [SYSTEM]: App version: 26.3
[14:36:14] [Render thread/INFO] (Minecraft) SDL [SYSTEM]: App ID: com.mojang.minecraft
[14:36:14] [Render thread/INFO] (Minecraft) SDL [SYSTEM]: SDL revision: SDL-3.4.14-62f10da
[14:36:15] [Render thread/INFO] (vulkanperf) imfast ready backend=OpenGL vendor=Intel device=Intel(R) Graphics atlasFont=1024 atlasMap=2048 glFbSkip=true appleUpload=false signs=false
[14:36:15] [Render thread/INFO] (Minecraft) Using graphics backend OpenGL, using drivers: 3.3.0 - Build 32.0.101.8356
[14:36:15] [Render thread/INFO] (Minecraft) Using graphics device: Intel(R) Graphics (Intel)
[14:36:15] [Render thread/INFO] (Minecraft) Using graphics device extensions: GL_ARB_multi_draw_indirect, GL_ARB_buffer_storage, GL_ARB_shader_draw_parameters, GL_ARB_base_instance, GL_KHR_debug, GL_ARB_draw_indirect, GL_ARB_clip_control, GL_ARB_vertex_attrib_binding, GL_ARB_direct_state_access, GL_EXT_texture_filter_anisotropic
[14:36:15] [Render thread/INFO] (Minecraft) Created window using SDL video driver: windows
[14:36:16] [Render thread/INFO] (Minecraft) Reloading ResourceManager: vanilla, vanilla, fabric-api, fabric-api-base, fabric-api-lookup-api-v1, fabric-biome-api-v1, fabric-block-api-v1, fabric-block-getter-api-v2, fabric-client-gametest-api-v1, fabric-command-api-v2, fabric-content-registries-v0, fabric-convention-tags-v2, fabric-crash-report-info-v1, fabric-creative-tab-api-v1, fabric-data-attachment-api-v1, fabric-data-generation-api-v1, fabric-debug-api-v1, fabric-dimensions-v1, fabric-entity-events-v1, fabric-events-interaction-v0, fabric-game-rule-api-v1, fabric-gametest-api-v1, fabric-item-api-v1, fabric-key-mapping-api-v1, fabric-lifecycle-events-v1, fabric-loot-api-v3, fabric-menu-api-v1, fabric-message-api-v1, fabric-model-loading-api-v1, fabric-networking-api-v1, fabric-object-builder-api-v1, fabric-particles-v1, fabric-permission-api-v1, fabric-recipe-api-v1, fabric-registry-sync-v0, fabric-renderer-api-v1, fabric-renderer-indigo, fabric-rendering-fluids-v1, fabric-rendering-v1, fabric-resource-conditions-api-v1, fabric-resource-loader-v0, fabric-resource-loader-v1, fabric-screen-api-v1, fabric-serialization-api-v1, fabric-sound-api-v1, fabric-tag-api-v1, fabric-transfer-api-v1, fabric-transitive-access-wideners-v1, fabricloader, sodium, vulkanperf
[14:36:16] [Worker-Main-7/INFO] (Minecraft) Found unifont_all_no_pua-17.0.01.hex, loading
[14:36:16] [Worker-Main-8/INFO] (Minecraft) Found unifont_jp_patch-17.0.01.hex, loading
[14:36:16] [Worker-Main-14/INFO] (Minecraft) Found unifont_pua-17.0.01.hex, loading
[14:36:16] [Download-1/INFO] (Minecraft) Could not authorize you against Realms server: java.lang.RuntimeException: Failed to parse into SignedJWT: FabricMC
[14:36:16] [Render thread/INFO] (Sodium-GlSurface) Thread[#3,Render thread,5,main]
[14:36:16] [Render thread/INFO] (Sodium-GlSurface) OpenGL Vendor: Intel
[14:36:16] [Render thread/INFO] (Sodium-GlSurface) OpenGL Renderer: Intel(R) Graphics
[14:36:16] [Render thread/INFO] (Sodium-GlSurface) OpenGL Version: 3.3.0 - Build 32.0.101.8356
[14:36:17] [Render thread/INFO] (vulkanperf) Blaze3D surface: com.mojang.renderpearl.frontend.FrontendGpuSurface device: com.mojang.renderpearl.frontend.FrontendGpuDevice backend: opengl (vulkan=false)
[14:36:20] [Render thread/WARN] (vulkanperf) Resource pack vanilla replaces core text shaders; disabling font atlas resize
[14:36:20] [Render thread/INFO] (Minecraft) OpenAL initialized on device OpenAL Soft on Speakers (Cirrus Logic XU (with APO Extensions))
[14:36:20] [Render thread/INFO] (Minecraft) Sound engine started
[14:36:20] [Render thread/INFO] (Minecraft) Created: 512x256x0 minecraft:textures/atlas/particles.png-atlas
[14:36:20] [Render thread/INFO] (Minecraft) Created: 256x128x0 minecraft:textures/atlas/celestials.png-atlas
[14:36:20] [Render thread/INFO] (Minecraft) Created: 128x128x0 minecraft:textures/atlas/decorated_pot.png-atlas
[14:36:20] [Render thread/INFO] (Minecraft) Created: 512x256x0 minecraft:textures/atlas/paintings.png-atlas
[14:36:20] [Render thread/INFO] (Minecraft) Created: 1024x512x0 minecraft:textures/atlas/shield_patterns.png-atlas
[14:36:20] [Render thread/INFO] (Minecraft) Created: 1024x512x0 minecraft:textures/atlas/banner_patterns.png-atlas
[14:36:20] [Render thread/INFO] (Minecraft) Created: 2048x2048x4 minecraft:textures/atlas/blocks.png-atlas
[14:36:21] [Render thread/INFO] (Minecraft) Created: 1024x512x0 minecraft:textures/atlas/items.png-atlas
[14:36:21] [Render thread/INFO] (Minecraft) Created: 1024x1024x0 minecraft:textures/atlas/gui.png-atlas
[14:36:21] [Render thread/INFO] (Minecraft) Created: 128x64x0 minecraft:textures/atlas/map_decorations.png-atlas
[14:36:21] [Render thread/INFO] (Minecraft) Created: 512x512x0 minecraft:textures/atlas/chest.png-atlas
[14:36:21] [Render thread/INFO] (Minecraft) Created: 512x512x0 minecraft:textures/atlas/shulker_boxes.png-atlas
[14:36:22] [Download-1/INFO] (Minecraft) Could not authorize you against Realms server: java.lang.RuntimeException: Failed to parse into SignedJWT: FabricMC
[14:36:26] [Worker-Main-6/INFO] (Minecraft) Loaded 1866 advancements
[14:36:27] [Render thread/INFO] (BiomeModificationImpl) Applied 0 biome modifications to 0 of 67 new biomes in 1.380 ms
[14:36:27] [Server thread/INFO] (Minecraft) Starting integrated minecraft server version 26.3
[14:36:27] [Server thread/INFO] (Minecraft) Generating keypair
[14:36:27] [Server thread/INFO] (Minecraft) Selecting global world spawn...
[14:36:31] [Server thread/INFO] (Minecraft) Loading 0 persistent chunks...
[14:36:31] [Server thread/INFO] (Minecraft) Preparing spawn area: 16%
[14:36:31] [Server thread/INFO] (Minecraft) Saving chunks for level 'ServerLevel[New World]'/minecraft:overworld
[14:36:31] [Server thread/INFO] (Minecraft) Saving chunks for level 'ServerLevel[New World]'/minecraft:the_nether
[14:36:31] [Server thread/INFO] (Minecraft) Saving chunks for level 'ServerLevel[New World]'/minecraft:the_end
[14:36:32] [Server thread/INFO] (Minecraft) Loading 47 chunks for player spawn...
[14:36:32] [Server thread/INFO] (Minecraft) Preparing spawn area: 16%
[14:36:32] [Server thread/INFO] (Minecraft) Preparing spawn area: 16%
[14:36:33] [Server thread/INFO] (Minecraft) Preparing spawn area: 16%
[14:36:33] [Server thread/INFO] (Minecraft) Preparing spawn area: 16%
[14:36:33] [Server thread/INFO] (Minecraft) Preparing spawn area: 16%
[14:36:33] [Server thread/INFO] (Minecraft) Preparing spawn area: 16%
[14:36:33] [Server thread/INFO] (Minecraft) Preparing spawn area: 16%
[14:36:33] [Server thread/INFO] (Minecraft) Preparing spawn area: 16%
[14:36:33] [Server thread/INFO] (Minecraft) Preparing spawn area: 16%
[14:36:33] [Server thread/INFO] (Minecraft) Preparing spawn area: 24%
[14:36:33] [Server thread/INFO] (Minecraft) Preparing spawn area: 29%
[14:36:33] [Server thread/INFO] (Minecraft) Preparing spawn area: 29%
[14:36:34] [Server thread/INFO] (Minecraft) Preparing spawn area: 54%
[14:36:34] [Server thread/INFO] (Minecraft) Preparing spawn area: 68%
[14:36:34] [Server thread/INFO] (Minecraft) Time elapsed: 7195 ms
[14:36:34] [Server thread/INFO] (Minecraft) Player688[local:E:6e597fab] logged in with entity id 11 at (-338.5, 76.0, -505.5)
[14:36:35] [Server thread/INFO] (Minecraft) System chat: Player688 joined the game
[14:36:35] [Render thread/INFO] (ChunkBuilder) Started 10 worker threads
[14:36:35] [Server thread/INFO] (Minecraft) Changing view distance to 16, from 10
[14:36:35] [Server thread/INFO] (Minecraft) Changing simulation distance to 12, from 0
[14:36:35] [Render thread/INFO] (Minecraft) Loaded 2 advancements
[14:36:35] [Render thread/INFO] (ChunkBuilder) Stopping worker threads
[14:36:35] [Render thread/INFO] (ChunkBuilder) Started 10 worker threads
[14:36:35] [Render thread/WARN] (Minecraft) Requested post effect does not exist: minecraft:end_of_frame
[14:36:35] [Render thread/INFO] (Minecraft) Resizing Dynamic Transforms UBO, capacity limit of 2 reached during a single frame. New capacity will be 4.
[14:36:36] [Render thread/INFO] (Minecraft) Resizing Dynamic Transforms UBO, capacity limit of 4 reached during a single frame. New capacity will be 8.
[14:36:36] [Render thread/INFO] (Minecraft) Resizing Dynamic Transforms UBO, capacity limit of 8 reached during a single frame. New capacity will be 16.
[14:36:44] [Server thread/INFO] (Minecraft) Saving and pausing game...
[14:36:45] [Server thread/INFO] (Minecraft) Saving chunks for level 'ServerLevel[New World]'/minecraft:overworld
[14:36:45] [Server thread/INFO] (Minecraft) Saving chunks for level 'ServerLevel[New World]'/minecraft:the_nether
[14:36:45] [Server thread/INFO] (Minecraft) Saving chunks for level 'ServerLevel[New World]'/minecraft:the_end
[14:36:50] [Render thread/INFO] (Sodium) Flushed changes to Minecraft configuration
[14:37:03] [Render thread/WARN] (Minecraft) Unable to play empty soundEvent: minecraft:entity.salmon.ambient
[14:37:31] [Render thread/INFO] (Minecraft) Stopping!
[14:37:31] [Server thread/INFO] (Minecraft) Player688 lost connection: Disconnected
[14:37:31] [Server thread/INFO] (Minecraft) System chat: Player688 left the game
[14:37:31] [Server thread/INFO] (Minecraft) Stopping singleplayer server as player logged out
[14:37:31] [Server thread/INFO] (Minecraft) Stopping server
[14:37:31] [Server thread/INFO] (Minecraft) Saving players
[14:37:31] [Server thread/INFO] (Minecraft) Saving worlds
[14:37:31] [Server thread/INFO] (Minecraft) Saving chunks for level 'ServerLevel[New World]'/minecraft:overworld
[14:37:35] [Server thread/INFO] (Minecraft) Saving chunks for level 'ServerLevel[New World]'/minecraft:the_nether
[14:37:35] [Server thread/INFO] (Minecraft) Saving chunks for level 'ServerLevel[New World]'/minecraft:the_end
[14:37:35] [Render thread/INFO] (ChunkBuilder) Stopping worker threads

BUILD SUCCESSFUL in 1m 50s
8 actionable tasks: 1 executed, 7 up-to-date
